Git metadata: {'commit': 'ef0354f12291265208228d595ce59b9f12adda4c', 'dirty': True}
Fixed seed: 7
VLA action unnorm key: libero_spatial_no_noops
Checkpoint metadata: {"hpcm3_adapter": {"path": "/home/cjs/study/VLA/VLA-Adapter/Align_adapter-HPCM3/ckpt/last-v1.pt", "sha256": "2860078fd497f3453846f21f9d5ac809307e9deb2ceaf134b4153f161c83a501"}, "hpcm": {"path": "/home/cjs/study/VLA/VLA-Adapter/HPCM/ckpt/0.0018.pth.tar", "sha256": "dc7a6c0f4b93f2294df1ce5fc49a21ab5d8107b91c14e0ee819a9f8dbbb30964"}, "vla": {"path": "/home/cjs/study/VLA/VLA-Adapter/outputs/LIBERO-Spatial-Pro", "files": {"model.safetensors": {"path": "/home/cjs/study/VLA/VLA-Adapter/outputs/LIBERO-Spatial-Pro/model.safetensors", "sha256": "5d70e76161d92fa962c53e78e10b4af3426b6ec7e5c0ea872e7a8162c961a8d3"}, "action_head--checkpoint.pt": {"path": "/home/cjs/study/VLA/VLA-Adapter/outputs/LIBERO-Spatial-Pro/action_head--checkpoint.pt", "sha256": "76aa486231ebce057aa398dc5fcecf71698b293bdcc16d7354e1ac8cb807bdb9"}, "proprio_projector--checkpoint.pt": {"path": "/home/cjs/study/VLA/VLA-Adapter/outputs/LIBERO-Spatial-Pro/proprio_projector--checkpoint.pt", "sha256": "1c61a08975ffade832a2dbfa0587ef6b109ec27f66eb8124f02727aa9827008e"}}}}
Task suite: libero_spatial
Using default initial states

Task: pick up the black bowl between the plate and the ramekin and place it on the plate
Starting episode 1...
Success: True
# episodes so far: 1
# successes: 1 (100.0%)

Task: pick up the black bowl between the plate and the ramekin and place it on the plate
Starting episode 2...
Success: True
# episodes so far: 2
# successes: 2 (100.0%)

Task: pick up the black bowl between the plate and the ramekin and place it on the plate
Starting episode 3...
Success: True
# episodes so far: 3
# successes: 3 (100.0%)

Task: pick up the black bowl between the plate and the ramekin and place it on the plate
Starting episode 4...
Success: True
# episodes so far: 4
# successes: 4 (100.0%)

Task: pick up the black bowl between the plate and the ramekin and place it on the plate
Starting episode 5...
Success: True
# episodes so far: 5
# successes: 5 (100.0%)

Task: pick up the black bowl between the plate and the ramekin and place it on the plate
Starting episode 6...
Success: True
# episodes so far: 6
# successes: 6 (100.0%)

Task: pick up the black bowl between the plate and the ramekin and place it on the plate
Starting episode 7...
Success: True
# episodes so far: 7
# successes: 7 (100.0%)

Task: pick up the black bowl between the plate and the ramekin and place it on the plate
Starting episode 8...
Success: True
# episodes so far: 8
# successes: 8 (100.0%)

Task: pick up the black bowl between the plate and the ramekin and place it on the plate
Starting episode 9...
Success: True
# episodes so far: 9
# successes: 9 (100.0%)

Task: pick up the black bowl between the plate and the ramekin and place it on the plate
Starting episode 10...
Success: True
# episodes so far: 10
# successes: 10 (100.0%)

Task: pick up the black bowl between the plate and the ramekin and place it on the plate
Starting episode 11...
Success: True
# episodes so far: 11
# successes: 11 (100.0%)

Task: pick up the black bowl between the plate and the ramekin and place it on the plate
Starting episode 12...
Success: True
# episodes so far: 12
# successes: 12 (100.0%)

Task: pick up the black bowl between the plate and the ramekin and place it on the plate
Starting episode 13...
Success: True
# episodes so far: 13
# successes: 13 (100.0%)

Task: pick up the black bowl between the plate and the ramekin and place it on the plate
Starting episode 14...
Success: True
# episodes so far: 14
# successes: 14 (100.0%)

Task: pick up the black bowl between the plate and the ramekin and place it on the plate
Starting episode 15...
Success: True
# episodes so far: 15
# successes: 15 (100.0%)

Task: pick up the black bowl between the plate and the ramekin and place it on the plate
Starting episode 16...
Success: True
# episodes so far: 16
# successes: 16 (100.0%)

Task: pick up the black bowl between the plate and the ramekin and place it on the plate
Starting episode 17...
Success: True
# episodes so far: 17
# successes: 17 (100.0%)

Task: pick up the black bowl between the plate and the ramekin and place it on the plate
Starting episode 18...
Success: True
# episodes so far: 18
# successes: 18 (100.0%)

Task: pick up the black bowl between the plate and the ramekin and place it on the plate
Starting episode 19...
Success: True
# episodes so far: 19
# successes: 19 (100.0%)

Task: pick up the black bowl between the plate and the ramekin and place it on the plate
Starting episode 20...
Success: True
# episodes so far: 20
# successes: 20 (100.0%)

Task: pick up the black bowl between the plate and the ramekin and place it on the plate
Starting episode 21...
Success: True
# episodes so far: 21
# successes: 21 (100.0%)

Task: pick up the black bowl between the plate and the ramekin and place it on the plate
Starting episode 22...
Success: True
# episodes so far: 22
# successes: 22 (100.0%)

Task: pick up the black bowl between the plate and the ramekin and place it on the plate
Starting episode 23...
Success: True
# episodes so far: 23
# successes: 23 (100.0%)

Task: pick up the black bowl between the plate and the ramekin and place it on the plate
Starting episode 24...
Success: True
# episodes so far: 24
# successes: 24 (100.0%)

Task: pick up the black bowl between the plate and the ramekin and place it on the plate
Starting episode 25...
Success: True
# episodes so far: 25
# successes: 25 (100.0%)

Task: pick up the black bowl between the plate and the ramekin and place it on the plate
Starting episode 26...
Success: True
# episodes so far: 26
# successes: 26 (100.0%)

Task: pick up the black bowl between the plate and the ramekin and place it on the plate
Starting episode 27...
Success: True
# episodes so far: 27
# successes: 27 (100.0%)

Task: pick up the black bowl between the plate and the ramekin and place it on the plate
Starting episode 28...
Success: True
# episodes so far: 28
# successes: 28 (100.0%)

Task: pick up the black bowl between the plate and the ramekin and place it on the plate
Starting episode 29...
Success: True
# episodes so far: 29
# successes: 29 (100.0%)

Task: pick up the black bowl between the plate and the ramekin and place it on the plate
Starting episode 30...
Success: True
# episodes so far: 30
# successes: 30 (100.0%)

Task: pick up the black bowl between the plate and the ramekin and place it on the plate
Starting episode 31...
Success: True
# episodes so far: 31
# successes: 31 (100.0%)

Task: pick up the black bowl between the plate and the ramekin and place it on the plate
Starting episode 32...
Success: True
# episodes so far: 32
# successes: 32 (100.0%)

Task: pick up the black bowl between the plate and the ramekin and place it on the plate
Starting episode 33...
Success: True
# episodes so far: 33
# successes: 33 (100.0%)

Task: pick up the black bowl between the plate and the ramekin and place it on the plate
Starting episode 34...
Success: True
# episodes so far: 34
# successes: 34 (100.0%)

Task: pick up the black bowl between the plate and the ramekin and place it on the plate
Starting episode 35...
Success: True
# episodes so far: 35
# successes: 35 (100.0%)

Task: pick up the black bowl between the plate and the ramekin and place it on the plate
Starting episode 36...
Success: True
# episodes so far: 36
# successes: 36 (100.0%)

Task: pick up the black bowl between the plate and the ramekin and place it on the plate
Starting episode 37...
Success: True
# episodes so far: 37
# successes: 37 (100.0%)

Task: pick up the black bowl between the plate and the ramekin and place it on the plate
Starting episode 38...
Success: True
# episodes so far: 38
# successes: 38 (100.0%)

Task: pick up the black bowl between the plate and the ramekin and place it on the plate
Starting episode 39...
Success: True
# episodes so far: 39
# successes: 39 (100.0%)

Task: pick up the black bowl between the plate and the ramekin and place it on the plate
Starting episode 40...
Success: True
# episodes so far: 40
# successes: 40 (100.0%)

Task: pick up the black bowl between the plate and the ramekin and place it on the plate
Starting episode 41...
Success: True
# episodes so far: 41
# successes: 41 (100.0%)

Task: pick up the black bowl between the plate and the ramekin and place it on the plate
Starting episode 42...
Success: True
# episodes so far: 42
# successes: 42 (100.0%)

Task: pick up the black bowl between the plate and the ramekin and place it on the plate
Starting episode 43...
Success: True
# episodes so far: 43
# successes: 43 (100.0%)

Task: pick up the black bowl between the plate and the ramekin and place it on the plate
Starting episode 44...
Success: True
# episodes so far: 44
# successes: 44 (100.0%)

Task: pick up the black bowl between the plate and the ramekin and place it on the plate
Starting episode 45...
Success: True
# episodes so far: 45
# successes: 45 (100.0%)

Task: pick up the black bowl between the plate and the ramekin and place it on the plate
Starting episode 46...
Success: True
# episodes so far: 46
# successes: 46 (100.0%)

Task: pick up the black bowl between the plate and the ramekin and place it on the plate
Starting episode 47...
Success: True
# episodes so far: 47
# successes: 47 (100.0%)

Task: pick up the black bowl between the plate and the ramekin and place it on the plate
Starting episode 48...
Success: True
# episodes so far: 48
# successes: 48 (100.0%)

Task: pick up the black bowl between the plate and the ramekin and place it on the plate
Starting episode 49...
Success: True
# episodes so far: 49
# successes: 49 (100.0%)

Task: pick up the black bowl between the plate and the ramekin and place it on the plate
Starting episode 50...
Success: True
# episodes so far: 50
# successes: 50 (100.0%)
Current task success rate: 1.0
Current total success rate: 1.0
Using default initial states

Task: pick up the black bowl next to the ramekin and place it on the plate
Starting episode 1...
Success: True
# episodes so far: 51
# successes: 51 (100.0%)

Task: pick up the black bowl next to the ramekin and place it on the plate
Starting episode 2...
Success: True
# episodes so far: 52
# successes: 52 (100.0%)

Task: pick up the black bowl next to the ramekin and place it on the plate
Starting episode 3...
Success: True
# episodes so far: 53
# successes: 53 (100.0%)

Task: pick up the black bowl next to the ramekin and place it on the plate
Starting episode 4...
Success: True
# episodes so far: 54
# successes: 54 (100.0%)

Task: pick up the black bowl next to the ramekin and place it on the plate
Starting episode 5...
Success: True
# episodes so far: 55
# successes: 55 (100.0%)

Task: pick up the black bowl next to the ramekin and place it on the plate
Starting episode 6...
Success: True
# episodes so far: 56
# successes: 56 (100.0%)

Task: pick up the black bowl next to the ramekin and place it on the plate
Starting episode 7...
Success: True
# episodes so far: 57
# successes: 57 (100.0%)

Task: pick up the black bowl next to the ramekin and place it on the plate
Starting episode 8...
Success: True
# episodes so far: 58
# successes: 58 (100.0%)

Task: pick up the black bowl next to the ramekin and place it on the plate
Starting episode 9...
Success: True
# episodes so far: 59
# successes: 59 (100.0%)

Task: pick up the black bowl next to the ramekin and place it on the plate
Starting episode 10...
Success: True
# episodes so far: 60
# successes: 60 (100.0%)

Task: pick up the black bowl next to the ramekin and place it on the plate
Starting episode 11...
Success: True
# episodes so far: 61
# successes: 61 (100.0%)

Task: pick up the black bowl next to the ramekin and place it on the plate
Starting episode 12...
Success: True
# episodes so far: 62
# successes: 62 (100.0%)

Task: pick up the black bowl next to the ramekin and place it on the plate
Starting episode 13...
Success: True
# episodes so far: 63
# successes: 63 (100.0%)

Task: pick up the black bowl next to the ramekin and place it on the plate
Starting episode 14...
Success: True
# episodes so far: 64
# successes: 64 (100.0%)

Task: pick up the black bowl next to the ramekin and place it on the plate
Starting episode 15...
Success: True
# episodes so far: 65
# successes: 65 (100.0%)

Task: pick up the black bowl next to the ramekin and place it on the plate
Starting episode 16...
Success: True
# episodes so far: 66
# successes: 66 (100.0%)

Task: pick up the black bowl next to the ramekin and place it on the plate
Starting episode 17...
Success: True
# episodes so far: 67
# successes: 67 (100.0%)

Task: pick up the black bowl next to the ramekin and place it on the plate
Starting episode 18...
Success: True
# episodes so far: 68
# successes: 68 (100.0%)

Task: pick up the black bowl next to the ramekin and place it on the plate
Starting episode 19...
Success: True
# episodes so far: 69
# successes: 69 (100.0%)

Task: pick up the black bowl next to the ramekin and place it on the plate
Starting episode 20...
Success: True
# episodes so far: 70
# successes: 70 (100.0%)

Task: pick up the black bowl next to the ramekin and place it on the plate
Starting episode 21...
Success: True
# episodes so far: 71
# successes: 71 (100.0%)

Task: pick up the black bowl next to the ramekin and place it on the plate
Starting episode 22...
Success: True
# episodes so far: 72
# successes: 72 (100.0%)

Task: pick up the black bowl next to the ramekin and place it on the plate
Starting episode 23...
Success: True
# episodes so far: 73
# successes: 73 (100.0%)

Task: pick up the black bowl next to the ramekin and place it on the plate
Starting episode 24...
Success: True
# episodes so far: 74
# successes: 74 (100.0%)

Task: pick up the black bowl next to the ramekin and place it on the plate
Starting episode 25...
Success: True
# episodes so far: 75
# successes: 75 (100.0%)

Task: pick up the black bowl next to the ramekin and place it on the plate
Starting episode 26...
Success: True
# episodes so far: 76
# successes: 76 (100.0%)

Task: pick up the black bowl next to the ramekin and place it on the plate
Starting episode 27...
Success: True
# episodes so far: 77
# successes: 77 (100.0%)

Task: pick up the black bowl next to the ramekin and place it on the plate
Starting episode 28...
Success: True
# episodes so far: 78
# successes: 78 (100.0%)

Task: pick up the black bowl next to the ramekin and place it on the plate
Starting episode 29...
Success: True
# episodes so far: 79
# successes: 79 (100.0%)

Task: pick up the black bowl next to the ramekin and place it on the plate
Starting episode 30...
Success: True
# episodes so far: 80
# successes: 80 (100.0%)

Task: pick up the black bowl next to the ramekin and place it on the plate
Starting episode 31...
Success: True
# episodes so far: 81
# successes: 81 (100.0%)

Task: pick up the black bowl next to the ramekin and place it on the plate
Starting episode 32...
Success: True
# episodes so far: 82
# successes: 82 (100.0%)

Task: pick up the black bowl next to the ramekin and place it on the plate
Starting episode 33...
Success: True
# episodes so far: 83
# successes: 83 (100.0%)

Task: pick up the black bowl next to the ramekin and place it on the plate
Starting episode 34...
Success: True
# episodes so far: 84
# successes: 84 (100.0%)

Task: pick up the black bowl next to the ramekin and place it on the plate
Starting episode 35...
Success: True
# episodes so far: 85
# successes: 85 (100.0%)

Task: pick up the black bowl next to the ramekin and place it on the plate
Starting episode 36...
Success: True
# episodes so far: 86
# successes: 86 (100.0%)

Task: pick up the black bowl next to the ramekin and place it on the plate
Starting episode 37...
Success: True
# episodes so far: 87
# successes: 87 (100.0%)

Task: pick up the black bowl next to the ramekin and place it on the plate
Starting episode 38...
Success: True
# episodes so far: 88
# successes: 88 (100.0%)

Task: pick up the black bowl next to the ramekin and place it on the plate
Starting episode 39...
Success: True
# episodes so far: 89
# successes: 89 (100.0%)

Task: pick up the black bowl next to the ramekin and place it on the plate
Starting episode 40...
Success: True
# episodes so far: 90
# successes: 90 (100.0%)

Task: pick up the black bowl next to the ramekin and place it on the plate
Starting episode 41...
Success: True
# episodes so far: 91
# successes: 91 (100.0%)

Task: pick up the black bowl next to the ramekin and place it on the plate
Starting episode 42...
Success: True
# episodes so far: 92
# successes: 92 (100.0%)

Task: pick up the black bowl next to the ramekin and place it on the plate
Starting episode 43...
Success: True
# episodes so far: 93
# successes: 93 (100.0%)

Task: pick up the black bowl next to the ramekin and place it on the plate
Starting episode 44...
Success: True
# episodes so far: 94
# successes: 94 (100.0%)

Task: pick up the black bowl next to the ramekin and place it on the plate
Starting episode 45...
Success: True
# episodes so far: 95
# successes: 95 (100.0%)

Task: pick up the black bowl next to the ramekin and place it on the plate
Starting episode 46...
Success: True
# episodes so far: 96
# successes: 96 (100.0%)

Task: pick up the black bowl next to the ramekin and place it on the plate
Starting episode 47...
Success: True
# episodes so far: 97
# successes: 97 (100.0%)

Task: pick up the black bowl next to the ramekin and place it on the plate
Starting episode 48...
Success: True
# episodes so far: 98
# successes: 98 (100.0%)

Task: pick up the black bowl next to the ramekin and place it on the plate
Starting episode 49...
Success: True
# episodes so far: 99
# successes: 99 (100.0%)

Task: pick up the black bowl next to the ramekin and place it on the plate
Starting episode 50...
Success: True
# episodes so far: 100
# successes: 100 (100.0%)
Current task success rate: 1.0
Current total success rate: 1.0
Using default initial states

Task: pick up the black bowl from table center and place it on the plate
Starting episode 1...
Success: True
# episodes so far: 101
# successes: 101 (100.0%)

Task: pick up the black bowl from table center and place it on the plate
Starting episode 2...
Success: True
# episodes so far: 102
# successes: 102 (100.0%)

Task: pick up the black bowl from table center and place it on the plate
Starting episode 3...
Success: True
# episodes so far: 103
# successes: 103 (100.0%)

Task: pick up the black bowl from table center and place it on the plate
Starting episode 4...
Success: True
# episodes so far: 104
# successes: 104 (100.0%)

Task: pick up the black bowl from table center and place it on the plate
Starting episode 5...
Success: True
# episodes so far: 105
# successes: 105 (100.0%)

Task: pick up the black bowl from table center and place it on the plate
Starting episode 6...
Success: True
# episodes so far: 106
# successes: 106 (100.0%)

Task: pick up the black bowl from table center and place it on the plate
Starting episode 7...
Success: True
# episodes so far: 107
# successes: 107 (100.0%)

Task: pick up the black bowl from table center and place it on the plate
Starting episode 8...
Success: True
# episodes so far: 108
# successes: 108 (100.0%)

Task: pick up the black bowl from table center and place it on the plate
Starting episode 9...
Success: True
# episodes so far: 109
# successes: 109 (100.0%)

Task: pick up the black bowl from table center and place it on the plate
Starting episode 10...
Success: True
# episodes so far: 110
# successes: 110 (100.0%)

Task: pick up the black bowl from table center and place it on the plate
Starting episode 11...
Success: True
# episodes so far: 111
# successes: 111 (100.0%)

Task: pick up the black bowl from table center and place it on the plate
Starting episode 12...
Success: True
# episodes so far: 112
# successes: 112 (100.0%)

Task: pick up the black bowl from table center and place it on the plate
Starting episode 13...
Success: True
# episodes so far: 113
# successes: 113 (100.0%)

Task: pick up the black bowl from table center and place it on the plate
Starting episode 14...
Success: True
# episodes so far: 114
# successes: 114 (100.0%)

Task: pick up the black bowl from table center and place it on the plate
Starting episode 15...
Success: True
# episodes so far: 115
# successes: 115 (100.0%)

Task: pick up the black bowl from table center and place it on the plate
Starting episode 16...
Success: True
# episodes so far: 116
# successes: 116 (100.0%)

Task: pick up the black bowl from table center and place it on the plate
Starting episode 17...
Success: True
# episodes so far: 117
# successes: 117 (100.0%)

Task: pick up the black bowl from table center and place it on the plate
Starting episode 18...
Success: True
# episodes so far: 118
# successes: 118 (100.0%)

Task: pick up the black bowl from table center and place it on the plate
Starting episode 19...
Success: True
# episodes so far: 119
# successes: 119 (100.0%)

Task: pick up the black bowl from table center and place it on the plate
Starting episode 20...
Success: True
# episodes so far: 120
# successes: 120 (100.0%)

Task: pick up the black bowl from table center and place it on the plate
Starting episode 21...
Success: True
# episodes so far: 121
# successes: 121 (100.0%)

Task: pick up the black bowl from table center and place it on the plate
Starting episode 22...
Success: True
# episodes so far: 122
# successes: 122 (100.0%)

Task: pick up the black bowl from table center and place it on the plate
Starting episode 23...
Success: True
# episodes so far: 123
# successes: 123 (100.0%)

Task: pick up the black bowl from table center and place it on the plate
Starting episode 24...
Success: True
# episodes so far: 124
# successes: 124 (100.0%)

Task: pick up the black bowl from table center and place it on the plate
Starting episode 25...
Success: True
# episodes so far: 125
# successes: 125 (100.0%)

Task: pick up the black bowl from table center and place it on the plate
Starting episode 26...
Success: True
# episodes so far: 126
# successes: 126 (100.0%)

Task: pick up the black bowl from table center and place it on the plate
Starting episode 27...
Success: True
# episodes so far: 127
# successes: 127 (100.0%)

Task: pick up the black bowl from table center and place it on the plate
Starting episode 28...
Success: True
# episodes so far: 128
# successes: 128 (100.0%)

Task: pick up the black bowl from table center and place it on the plate
Starting episode 29...
Success: True
# episodes so far: 129
# successes: 129 (100.0%)

Task: pick up the black bowl from table center and place it on the plate
Starting episode 30...
Success: True
# episodes so far: 130
# successes: 130 (100.0%)

Task: pick up the black bowl from table center and place it on the plate
Starting episode 31...
Success: True
# episodes so far: 131
# successes: 131 (100.0%)

Task: pick up the black bowl from table center and place it on the plate
Starting episode 32...
Success: True
# episodes so far: 132
# successes: 132 (100.0%)

Task: pick up the black bowl from table center and place it on the plate
Starting episode 33...
Success: True
# episodes so far: 133
# successes: 133 (100.0%)

Task: pick up the black bowl from table center and place it on the plate
Starting episode 34...
Success: True
# episodes so far: 134
# successes: 134 (100.0%)

Task: pick up the black bowl from table center and place it on the plate
Starting episode 35...
Success: True
# episodes so far: 135
# successes: 135 (100.0%)

Task: pick up the black bowl from table center and place it on the plate
Starting episode 36...
Success: True
# episodes so far: 136
# successes: 136 (100.0%)

Task: pick up the black bowl from table center and place it on the plate
Starting episode 37...
Success: True
# episodes so far: 137
# successes: 137 (100.0%)

Task: pick up the black bowl from table center and place it on the plate
Starting episode 38...
Success: True
# episodes so far: 138
# successes: 138 (100.0%)

Task: pick up the black bowl from table center and place it on the plate
Starting episode 39...
Success: True
# episodes so far: 139
# successes: 139 (100.0%)

Task: pick up the black bowl from table center and place it on the plate
Starting episode 40...
Success: True
# episodes so far: 140
# successes: 140 (100.0%)

Task: pick up the black bowl from table center and place it on the plate
Starting episode 41...
Success: True
# episodes so far: 141
# successes: 141 (100.0%)

Task: pick up the black bowl from table center and place it on the plate
Starting episode 42...
Success: True
# episodes so far: 142
# successes: 142 (100.0%)

Task: pick up the black bowl from table center and place it on the plate
Starting episode 43...
Success: True
# episodes so far: 143
# successes: 143 (100.0%)

Task: pick up the black bowl from table center and place it on the plate
Starting episode 44...
Success: True
# episodes so far: 144
# successes: 144 (100.0%)

Task: pick up the black bowl from table center and place it on the plate
Starting episode 45...
Success: True
# episodes so far: 145
# successes: 145 (100.0%)

Task: pick up the black bowl from table center and place it on the plate
Starting episode 46...
Success: True
# episodes so far: 146
# successes: 146 (100.0%)

Task: pick up the black bowl from table center and place it on the plate
Starting episode 47...
Success: True
# episodes so far: 147
# successes: 147 (100.0%)

Task: pick up the black bowl from table center and place it on the plate
Starting episode 48...
Success: True
# episodes so far: 148
# successes: 148 (100.0%)

Task: pick up the black bowl from table center and place it on the plate
Starting episode 49...
Success: True
# episodes so far: 149
# successes: 149 (100.0%)

Task: pick up the black bowl from table center and place it on the plate
Starting episode 50...
Success: True
# episodes so far: 150
# successes: 150 (100.0%)
Current task success rate: 1.0
Current total success rate: 1.0
Using default initial states

Task: pick up the black bowl on the cookie box and place it on the plate
Starting episode 1...
Success: True
# episodes so far: 151
# successes: 151 (100.0%)

Task: pick up the black bowl on the cookie box and place it on the plate
Starting episode 2...
Success: True
# episodes so far: 152
# successes: 152 (100.0%)

Task: pick up the black bowl on the cookie box and place it on the plate
Starting episode 3...
Success: True
# episodes so far: 153
# successes: 153 (100.0%)

Task: pick up the black bowl on the cookie box and place it on the plate
Starting episode 4...
Success: True
# episodes so far: 154
# successes: 154 (100.0%)

Task: pick up the black bowl on the cookie box and place it on the plate
Starting episode 5...
Success: True
# episodes so far: 155
# successes: 155 (100.0%)

Task: pick up the black bowl on the cookie box and place it on the plate
Starting episode 6...
Success: True
# episodes so far: 156
# successes: 156 (100.0%)

Task: pick up the black bowl on the cookie box and place it on the plate
Starting episode 7...
Success: True
# episodes so far: 157
# successes: 157 (100.0%)

Task: pick up the black bowl on the cookie box and place it on the plate
Starting episode 8...
Success: True
# episodes so far: 158
# successes: 158 (100.0%)

Task: pick up the black bowl on the cookie box and place it on the plate
Starting episode 9...
Success: True
# episodes so far: 159
# successes: 159 (100.0%)

Task: pick up the black bowl on the cookie box and place it on the plate
Starting episode 10...
Success: True
# episodes so far: 160
# successes: 160 (100.0%)

Task: pick up the black bowl on the cookie box and place it on the plate
Starting episode 11...
Success: True
# episodes so far: 161
# successes: 161 (100.0%)

Task: pick up the black bowl on the cookie box and place it on the plate
Starting episode 12...
Success: True
# episodes so far: 162
# successes: 162 (100.0%)

Task: pick up the black bowl on the cookie box and place it on the plate
Starting episode 13...
Success: True
# episodes so far: 163
# successes: 163 (100.0%)

Task: pick up the black bowl on the cookie box and place it on the plate
Starting episode 14...
Success: True
# episodes so far: 164
# successes: 164 (100.0%)

Task: pick up the black bowl on the cookie box and place it on the plate
Starting episode 15...
Success: True
# episodes so far: 165
# successes: 165 (100.0%)

Task: pick up the black bowl on the cookie box and place it on the plate
Starting episode 16...
Success: True
# episodes so far: 166
# successes: 166 (100.0%)

Task: pick up the black bowl on the cookie box and place it on the plate
Starting episode 17...
Success: True
# episodes so far: 167
# successes: 167 (100.0%)

Task: pick up the black bowl on the cookie box and place it on the plate
Starting episode 18...
Success: True
# episodes so far: 168
# successes: 168 (100.0%)

Task: pick up the black bowl on the cookie box and place it on the plate
Starting episode 19...
Success: True
# episodes so far: 169
# successes: 169 (100.0%)

Task: pick up the black bowl on the cookie box and place it on the plate
Starting episode 20...
Success: True
# episodes so far: 170
# successes: 170 (100.0%)

Task: pick up the black bowl on the cookie box and place it on the plate
Starting episode 21...
Success: True
# episodes so far: 171
# successes: 171 (100.0%)

Task: pick up the black bowl on the cookie box and place it on the plate
Starting episode 22...
Success: True
# episodes so far: 172
# successes: 172 (100.0%)

Task: pick up the black bowl on the cookie box and place it on the plate
Starting episode 23...
Success: True
# episodes so far: 173
# successes: 173 (100.0%)

Task: pick up the black bowl on the cookie box and place it on the plate
Starting episode 24...
Success: True
# episodes so far: 174
# successes: 174 (100.0%)

Task: pick up the black bowl on the cookie box and place it on the plate
Starting episode 25...
Success: True
# episodes so far: 175
# successes: 175 (100.0%)

Task: pick up the black bowl on the cookie box and place it on the plate
Starting episode 26...
Success: True
# episodes so far: 176
# successes: 176 (100.0%)

Task: pick up the black bowl on the cookie box and place it on the plate
Starting episode 27...
Success: True
# episodes so far: 177
# successes: 177 (100.0%)

Task: pick up the black bowl on the cookie box and place it on the plate
Starting episode 28...
Success: True
# episodes so far: 178
# successes: 178 (100.0%)

Task: pick up the black bowl on the cookie box and place it on the plate
Starting episode 29...
Success: True
# episodes so far: 179
# successes: 179 (100.0%)

Task: pick up the black bowl on the cookie box and place it on the plate
Starting episode 30...
Success: True
# episodes so far: 180
# successes: 180 (100.0%)

Task: pick up the black bowl on the cookie box and place it on the plate
Starting episode 31...
Success: True
# episodes so far: 181
# successes: 181 (100.0%)

Task: pick up the black bowl on the cookie box and place it on the plate
Starting episode 32...
Success: True
# episodes so far: 182
# successes: 182 (100.0%)

Task: pick up the black bowl on the cookie box and place it on the plate
Starting episode 33...
Success: True
# episodes so far: 183
# successes: 183 (100.0%)

Task: pick up the black bowl on the cookie box and place it on the plate
Starting episode 34...
Success: True
# episodes so far: 184
# successes: 184 (100.0%)

Task: pick up the black bowl on the cookie box and place it on the plate
Starting episode 35...
Success: True
# episodes so far: 185
# successes: 185 (100.0%)

Task: pick up the black bowl on the cookie box and place it on the plate
Starting episode 36...
Success: True
# episodes so far: 186
# successes: 186 (100.0%)

Task: pick up the black bowl on the cookie box and place it on the plate
Starting episode 37...
Success: True
# episodes so far: 187
# successes: 187 (100.0%)

Task: pick up the black bowl on the cookie box and place it on the plate
Starting episode 38...
Success: True
# episodes so far: 188
# successes: 188 (100.0%)

Task: pick up the black bowl on the cookie box and place it on the plate
Starting episode 39...
Success: True
# episodes so far: 189
# successes: 189 (100.0%)

Task: pick up the black bowl on the cookie box and place it on the plate
Starting episode 40...
Success: True
# episodes so far: 190
# successes: 190 (100.0%)

Task: pick up the black bowl on the cookie box and place it on the plate
Starting episode 41...
Success: True
# episodes so far: 191
# successes: 191 (100.0%)

Task: pick up the black bowl on the cookie box and place it on the plate
Starting episode 42...
Success: True
# episodes so far: 192
# successes: 192 (100.0%)

Task: pick up the black bowl on the cookie box and place it on the plate
Starting episode 43...
Success: True
# episodes so far: 193
# successes: 193 (100.0%)

Task: pick up the black bowl on the cookie box and place it on the plate
Starting episode 44...
Success: True
# episodes so far: 194
# successes: 194 (100.0%)

Task: pick up the black bowl on the cookie box and place it on the plate
Starting episode 45...
Success: True
# episodes so far: 195
# successes: 195 (100.0%)

Task: pick up the black bowl on the cookie box and place it on the plate
Starting episode 46...
Success: True
# episodes so far: 196
# successes: 196 (100.0%)

Task: pick up the black bowl on the cookie box and place it on the plate
Starting episode 47...
Success: True
# episodes so far: 197
# successes: 197 (100.0%)

Task: pick up the black bowl on the cookie box and place it on the plate
Starting episode 48...
Success: True
# episodes so far: 198
# successes: 198 (100.0%)

Task: pick up the black bowl on the cookie box and place it on the plate
Starting episode 49...
Success: True
# episodes so far: 199
# successes: 199 (100.0%)

Task: pick up the black bowl on the cookie box and place it on the plate
Starting episode 50...
Success: True
# episodes so far: 200
# successes: 200 (100.0%)
Current task success rate: 1.0
Current total success rate: 1.0
Using default initial states

Task: pick up the black bowl in the top drawer of the wooden cabinet and place it on the plate
Starting episode 1...
Success: True
# episodes so far: 201
# successes: 201 (100.0%)

Task: pick up the black bowl in the top drawer of the wooden cabinet and place it on the plate
Starting episode 2...
Success: True
# episodes so far: 202
# successes: 202 (100.0%)

Task: pick up the black bowl in the top drawer of the wooden cabinet and place it on the plate
Starting episode 3...
Success: True
# episodes so far: 203
# successes: 203 (100.0%)

Task: pick up the black bowl in the top drawer of the wooden cabinet and place it on the plate
Starting episode 4...
Success: True
# episodes so far: 204
# successes: 204 (100.0%)

Task: pick up the black bowl in the top drawer of the wooden cabinet and place it on the plate
Starting episode 5...
Success: True
# episodes so far: 205
# successes: 205 (100.0%)

Task: pick up the black bowl in the top drawer of the wooden cabinet and place it on the plate
Starting episode 6...
Success: True
# episodes so far: 206
# successes: 206 (100.0%)

Task: pick up the black bowl in the top drawer of the wooden cabinet and place it on the plate
Starting episode 7...
Success: True
# episodes so far: 207
# successes: 207 (100.0%)

Task: pick up the black bowl in the top drawer of the wooden cabinet and place it on the plate
Starting episode 8...
Success: True
# episodes so far: 208
# successes: 208 (100.0%)

Task: pick up the black bowl in the top drawer of the wooden cabinet and place it on the plate
Starting episode 9...
Success: True
# episodes so far: 209
# successes: 209 (100.0%)

Task: pick up the black bowl in the top drawer of the wooden cabinet and place it on the plate
Starting episode 10...
Success: True
# episodes so far: 210
# successes: 210 (100.0%)

Task: pick up the black bowl in the top drawer of the wooden cabinet and place it on the plate
Starting episode 11...
Success: True
# episodes so far: 211
# successes: 211 (100.0%)

Task: pick up the black bowl in the top drawer of the wooden cabinet and place it on the plate
Starting episode 12...
Success: True
# episodes so far: 212
# successes: 212 (100.0%)

Task: pick up the black bowl in the top drawer of the wooden cabinet and place it on the plate
Starting episode 13...
Success: True
# episodes so far: 213
# successes: 213 (100.0%)

Task: pick up the black bowl in the top drawer of the wooden cabinet and place it on the plate
Starting episode 14...
Success: True
# episodes so far: 214
# successes: 214 (100.0%)

Task: pick up the black bowl in the top drawer of the wooden cabinet and place it on the plate
Starting episode 15...
Success: True
# episodes so far: 215
# successes: 215 (100.0%)

Task: pick up the black bowl in the top drawer of the wooden cabinet and place it on the plate
Starting episode 16...
Success: True
# episodes so far: 216
# successes: 216 (100.0%)

Task: pick up the black bowl in the top drawer of the wooden cabinet and place it on the plate
Starting episode 17...
Success: True
# episodes so far: 217
# successes: 217 (100.0%)

Task: pick up the black bowl in the top drawer of the wooden cabinet and place it on the plate
Starting episode 18...
Success: True
# episodes so far: 218
# successes: 218 (100.0%)

Task: pick up the black bowl in the top drawer of the wooden cabinet and place it on the plate
Starting episode 19...
Success: True
# episodes so far: 219
# successes: 219 (100.0%)

Task: pick up the black bowl in the top drawer of the wooden cabinet and place it on the plate
Starting episode 20...
Success: True
# episodes so far: 220
# successes: 220 (100.0%)

Task: pick up the black bowl in the top drawer of the wooden cabinet and place it on the plate
Starting episode 21...
Success: True
# episodes so far: 221
# successes: 221 (100.0%)

Task: pick up the black bowl in the top drawer of the wooden cabinet and place it on the plate
Starting episode 22...
Success: True
# episodes so far: 222
# successes: 222 (100.0%)

Task: pick up the black bowl in the top drawer of the wooden cabinet and place it on the plate
Starting episode 23...
Success: True
# episodes so far: 223
# successes: 223 (100.0%)

Task: pick up the black bowl in the top drawer of the wooden cabinet and place it on the plate
Starting episode 24...
Success: True
# episodes so far: 224
# successes: 224 (100.0%)

Task: pick up the black bowl in the top drawer of the wooden cabinet and place it on the plate
Starting episode 25...
Success: True
# episodes so far: 225
# successes: 225 (100.0%)

Task: pick up the black bowl in the top drawer of the wooden cabinet and place it on the plate
Starting episode 26...
Success: True
# episodes so far: 226
# successes: 226 (100.0%)

Task: pick up the black bowl in the top drawer of the wooden cabinet and place it on the plate
Starting episode 27...
Success: True
# episodes so far: 227
# successes: 227 (100.0%)

Task: pick up the black bowl in the top drawer of the wooden cabinet and place it on the plate
Starting episode 28...
Success: True
# episodes so far: 228
# successes: 228 (100.0%)

Task: pick up the black bowl in the top drawer of the wooden cabinet and place it on the plate
Starting episode 29...
Success: True
# episodes so far: 229
# successes: 229 (100.0%)

Task: pick up the black bowl in the top drawer of the wooden cabinet and place it on the plate
Starting episode 30...
Success: False
# episodes so far: 230
# successes: 229 (99.6%)

Task: pick up the black bowl in the top drawer of the wooden cabinet and place it on the plate
Starting episode 31...
Success: True
# episodes so far: 231
# successes: 230 (99.6%)

Task: pick up the black bowl in the top drawer of the wooden cabinet and place it on the plate
Starting episode 32...
Success: True
# episodes so far: 232
# successes: 231 (99.6%)

Task: pick up the black bowl in the top drawer of the wooden cabinet and place it on the plate
Starting episode 33...
Success: True
# episodes so far: 233
# successes: 232 (99.6%)

Task: pick up the black bowl in the top drawer of the wooden cabinet and place it on the plate
Starting episode 34...
Success: True
# episodes so far: 234
# successes: 233 (99.6%)

Task: pick up the black bowl in the top drawer of the wooden cabinet and place it on the plate
Starting episode 35...
Success: True
# episodes so far: 235
# successes: 234 (99.6%)

Task: pick up the black bowl in the top drawer of the wooden cabinet and place it on the plate
Starting episode 36...
Success: True
# episodes so far: 236
# successes: 235 (99.6%)

Task: pick up the black bowl in the top drawer of the wooden cabinet and place it on the plate
Starting episode 37...
Success: True
# episodes so far: 237
# successes: 236 (99.6%)

Task: pick up the black bowl in the top drawer of the wooden cabinet and place it on the plate
Starting episode 38...
Success: True
# episodes so far: 238
# successes: 237 (99.6%)

Task: pick up the black bowl in the top drawer of the wooden cabinet and place it on the plate
Starting episode 39...
Success: True
# episodes so far: 239
# successes: 238 (99.6%)

Task: pick up the black bowl in the top drawer of the wooden cabinet and place it on the plate
Starting episode 40...
Success: True
# episodes so far: 240
# successes: 239 (99.6%)

Task: pick up the black bowl in the top drawer of the wooden cabinet and place it on the plate
Starting episode 41...
Success: True
# episodes so far: 241
# successes: 240 (99.6%)

Task: pick up the black bowl in the top drawer of the wooden cabinet and place it on the plate
Starting episode 42...
Success: True
# episodes so far: 242
# successes: 241 (99.6%)

Task: pick up the black bowl in the top drawer of the wooden cabinet and place it on the plate
Starting episode 43...
Success: True
# episodes so far: 243
# successes: 242 (99.6%)

Task: pick up the black bowl in the top drawer of the wooden cabinet and place it on the plate
Starting episode 44...
Success: True
# episodes so far: 244
# successes: 243 (99.6%)

Task: pick up the black bowl in the top drawer of the wooden cabinet and place it on the plate
Starting episode 45...
Success: True
# episodes so far: 245
# successes: 244 (99.6%)

Task: pick up the black bowl in the top drawer of the wooden cabinet and place it on the plate
Starting episode 46...
Success: True
# episodes so far: 246
# successes: 245 (99.6%)

Task: pick up the black bowl in the top drawer of the wooden cabinet and place it on the plate
Starting episode 47...
Success: True
# episodes so far: 247
# successes: 246 (99.6%)

Task: pick up the black bowl in the top drawer of the wooden cabinet and place it on the plate
Starting episode 48...
Success: False
# episodes so far: 248
# successes: 246 (99.2%)

Task: pick up the black bowl in the top drawer of the wooden cabinet and place it on the plate
Starting episode 49...
Success: True
# episodes so far: 249
# successes: 247 (99.2%)

Task: pick up the black bowl in the top drawer of the wooden cabinet and place it on the plate
Starting episode 50...
Success: True
# episodes so far: 250
# successes: 248 (99.2%)
Current task success rate: 0.96
Current total success rate: 0.992
Using default initial states

Task: pick up the black bowl on the ramekin and place it on the plate
Starting episode 1...
Success: True
# episodes so far: 251
# successes: 249 (99.2%)

Task: pick up the black bowl on the ramekin and place it on the plate
Starting episode 2...
Success: True
# episodes so far: 252
# successes: 250 (99.2%)

Task: pick up the black bowl on the ramekin and place it on the plate
Starting episode 3...
Success: True
# episodes so far: 253
# successes: 251 (99.2%)

Task: pick up the black bowl on the ramekin and place it on the plate
Starting episode 4...
Success: False
# episodes so far: 254
# successes: 251 (98.8%)

Task: pick up the black bowl on the ramekin and place it on the plate
Starting episode 5...
Success: True
# episodes so far: 255
# successes: 252 (98.8%)

Task: pick up the black bowl on the ramekin and place it on the plate
Starting episode 6...
Success: True
# episodes so far: 256
# successes: 253 (98.8%)

Task: pick up the black bowl on the ramekin and place it on the plate
Starting episode 7...
Success: True
# episodes so far: 257
# successes: 254 (98.8%)

Task: pick up the black bowl on the ramekin and place it on the plate
Starting episode 8...
Success: True
# episodes so far: 258
# successes: 255 (98.8%)

Task: pick up the black bowl on the ramekin and place it on the plate
Starting episode 9...
Success: True
# episodes so far: 259
# successes: 256 (98.8%)

Task: pick up the black bowl on the ramekin and place it on the plate
Starting episode 10...
Success: True
# episodes so far: 260
# successes: 257 (98.8%)

Task: pick up the black bowl on the ramekin and place it on the plate
Starting episode 11...
Success: True
# episodes so far: 261
# successes: 258 (98.9%)

Task: pick up the black bowl on the ramekin and place it on the plate
Starting episode 12...
Success: True
# episodes so far: 262
# successes: 259 (98.9%)

Task: pick up the black bowl on the ramekin and place it on the plate
Starting episode 13...
Success: True
# episodes so far: 263
# successes: 260 (98.9%)

Task: pick up the black bowl on the ramekin and place it on the plate
Starting episode 14...
Success: True
# episodes so far: 264
# successes: 261 (98.9%)

Task: pick up the black bowl on the ramekin and place it on the plate
Starting episode 15...
Success: True
# episodes so far: 265
# successes: 262 (98.9%)

Task: pick up the black bowl on the ramekin and place it on the plate
Starting episode 16...
Success: True
# episodes so far: 266
# successes: 263 (98.9%)

Task: pick up the black bowl on the ramekin and place it on the plate
Starting episode 17...
Success: True
# episodes so far: 267
# successes: 264 (98.9%)

Task: pick up the black bowl on the ramekin and place it on the plate
Starting episode 18...
Success: True
# episodes so far: 268
# successes: 265 (98.9%)

Task: pick up the black bowl on the ramekin and place it on the plate
Starting episode 19...
Success: True
# episodes so far: 269
# successes: 266 (98.9%)

Task: pick up the black bowl on the ramekin and place it on the plate
Starting episode 20...
Success: True
# episodes so far: 270
# successes: 267 (98.9%)

Task: pick up the black bowl on the ramekin and place it on the plate
Starting episode 21...
Success: True
# episodes so far: 271
# successes: 268 (98.9%)

Task: pick up the black bowl on the ramekin and place it on the plate
Starting episode 22...
Success: True
# episodes so far: 272
# successes: 269 (98.9%)

Task: pick up the black bowl on the ramekin and place it on the plate
Starting episode 23...
Success: True
# episodes so far: 273
# successes: 270 (98.9%)

Task: pick up the black bowl on the ramekin and place it on the plate
Starting episode 24...
Success: True
# episodes so far: 274
# successes: 271 (98.9%)

Task: pick up the black bowl on the ramekin and place it on the plate
Starting episode 25...
Success: True
# episodes so far: 275
# successes: 272 (98.9%)

Task: pick up the black bowl on the ramekin and place it on the plate
Starting episode 26...
Success: True
# episodes so far: 276
# successes: 273 (98.9%)

Task: pick up the black bowl on the ramekin and place it on the plate
Starting episode 27...
Success: True
# episodes so far: 277
# successes: 274 (98.9%)

Task: pick up the black bowl on the ramekin and place it on the plate
Starting episode 28...
Success: True
# episodes so far: 278
# successes: 275 (98.9%)

Task: pick up the black bowl on the ramekin and place it on the plate
Starting episode 29...
Success: True
# episodes so far: 279
# successes: 276 (98.9%)

Task: pick up the black bowl on the ramekin and place it on the plate
Starting episode 30...
Success: True
# episodes so far: 280
# successes: 277 (98.9%)

Task: pick up the black bowl on the ramekin and place it on the plate
Starting episode 31...
Success: True
# episodes so far: 281
# successes: 278 (98.9%)

Task: pick up the black bowl on the ramekin and place it on the plate
Starting episode 32...
Success: True
# episodes so far: 282
# successes: 279 (98.9%)

Task: pick up the black bowl on the ramekin and place it on the plate
Starting episode 33...
Success: True
# episodes so far: 283
# successes: 280 (98.9%)

Task: pick up the black bowl on the ramekin and place it on the plate
Starting episode 34...
Success: True
# episodes so far: 284
# successes: 281 (98.9%)

Task: pick up the black bowl on the ramekin and place it on the plate
Starting episode 35...
Success: False
# episodes so far: 285
# successes: 281 (98.6%)

Task: pick up the black bowl on the ramekin and place it on the plate
Starting episode 36...
Success: True
# episodes so far: 286
# successes: 282 (98.6%)

Task: pick up the black bowl on the ramekin and place it on the plate
Starting episode 37...
Success: True
# episodes so far: 287
# successes: 283 (98.6%)

Task: pick up the black bowl on the ramekin and place it on the plate
Starting episode 38...
Success: True
# episodes so far: 288
# successes: 284 (98.6%)

Task: pick up the black bowl on the ramekin and place it on the plate
Starting episode 39...
Success: True
# episodes so far: 289
# successes: 285 (98.6%)

Task: pick up the black bowl on the ramekin and place it on the plate
Starting episode 40...
Success: False
# episodes so far: 290
# successes: 285 (98.3%)

Task: pick up the black bowl on the ramekin and place it on the plate
Starting episode 41...
Success: True
# episodes so far: 291
# successes: 286 (98.3%)

Task: pick up the black bowl on the ramekin and place it on the plate
Starting episode 42...
Success: True
# episodes so far: 292
# successes: 287 (98.3%)

Task: pick up the black bowl on the ramekin and place it on the plate
Starting episode 43...
Success: True
# episodes so far: 293
# successes: 288 (98.3%)

Task: pick up the black bowl on the ramekin and place it on the plate
Starting episode 44...
Success: True
# episodes so far: 294
# successes: 289 (98.3%)

Task: pick up the black bowl on the ramekin and place it on the plate
Starting episode 45...
Success: True
# episodes so far: 295
# successes: 290 (98.3%)

Task: pick up the black bowl on the ramekin and place it on the plate
Starting episode 46...
Success: False
# episodes so far: 296
# successes: 290 (98.0%)

Task: pick up the black bowl on the ramekin and place it on the plate
Starting episode 47...
Success: True
# episodes so far: 297
# successes: 291 (98.0%)

Task: pick up the black bowl on the ramekin and place it on the plate
Starting episode 48...
Success: True
# episodes so far: 298
# successes: 292 (98.0%)

Task: pick up the black bowl on the ramekin and place it on the plate
Starting episode 49...
Success: True
# episodes so far: 299
# successes: 293 (98.0%)

Task: pick up the black bowl on the ramekin and place it on the plate
Starting episode 50...
Success: True
# episodes so far: 300
# successes: 294 (98.0%)
Current task success rate: 0.92
Current total success rate: 0.98
Using default initial states

Task: pick up the black bowl next to the cookie box and place it on the plate
Starting episode 1...
Success: True
# episodes so far: 301
# successes: 295 (98.0%)

Task: pick up the black bowl next to the cookie box and place it on the plate
Starting episode 2...
Success: True
# episodes so far: 302
# successes: 296 (98.0%)

Task: pick up the black bowl next to the cookie box and place it on the plate
Starting episode 3...
Success: True
# episodes so far: 303
# successes: 297 (98.0%)

Task: pick up the black bowl next to the cookie box and place it on the plate
Starting episode 4...
Success: True
# episodes so far: 304
# successes: 298 (98.0%)

Task: pick up the black bowl next to the cookie box and place it on the plate
Starting episode 5...
Success: True
# episodes so far: 305
# successes: 299 (98.0%)

Task: pick up the black bowl next to the cookie box and place it on the plate
Starting episode 6...
Success: True
# episodes so far: 306
# successes: 300 (98.0%)

Task: pick up the black bowl next to the cookie box and place it on the plate
Starting episode 7...
Success: True
# episodes so far: 307
# successes: 301 (98.0%)

Task: pick up the black bowl next to the cookie box and place it on the plate
Starting episode 8...
Success: True
# episodes so far: 308
# successes: 302 (98.1%)

Task: pick up the black bowl next to the cookie box and place it on the plate
Starting episode 9...
Success: True
# episodes so far: 309
# successes: 303 (98.1%)

Task: pick up the black bowl next to the cookie box and place it on the plate
Starting episode 10...
Success: True
# episodes so far: 310
# successes: 304 (98.1%)

Task: pick up the black bowl next to the cookie box and place it on the plate
Starting episode 11...
Success: True
# episodes so far: 311
# successes: 305 (98.1%)

Task: pick up the black bowl next to the cookie box and place it on the plate
Starting episode 12...
Success: True
# episodes so far: 312
# successes: 306 (98.1%)

Task: pick up the black bowl next to the cookie box and place it on the plate
Starting episode 13...
Success: True
# episodes so far: 313
# successes: 307 (98.1%)

Task: pick up the black bowl next to the cookie box and place it on the plate
Starting episode 14...
Success: True
# episodes so far: 314
# successes: 308 (98.1%)

Task: pick up the black bowl next to the cookie box and place it on the plate
Starting episode 15...
Success: True
# episodes so far: 315
# successes: 309 (98.1%)

Task: pick up the black bowl next to the cookie box and place it on the plate
Starting episode 16...
Success: True
# episodes so far: 316
# successes: 310 (98.1%)

Task: pick up the black bowl next to the cookie box and place it on the plate
Starting episode 17...
Success: True
# episodes so far: 317
# successes: 311 (98.1%)

Task: pick up the black bowl next to the cookie box and place it on the plate
Starting episode 18...
Success: True
# episodes so far: 318
# successes: 312 (98.1%)

Task: pick up the black bowl next to the cookie box and place it on the plate
Starting episode 19...
Success: True
# episodes so far: 319
# successes: 313 (98.1%)

Task: pick up the black bowl next to the cookie box and place it on the plate
Starting episode 20...
Success: True
# episodes so far: 320
# successes: 314 (98.1%)

Task: pick up the black bowl next to the cookie box and place it on the plate
Starting episode 21...
Success: True
# episodes so far: 321
# successes: 315 (98.1%)

Task: pick up the black bowl next to the cookie box and place it on the plate
Starting episode 22...
Success: True
# episodes so far: 322
# successes: 316 (98.1%)

Task: pick up the black bowl next to the cookie box and place it on the plate
Starting episode 23...
Success: True
# episodes so far: 323
# successes: 317 (98.1%)

Task: pick up the black bowl next to the cookie box and place it on the plate
Starting episode 24...
Success: True
# episodes so far: 324
# successes: 318 (98.1%)

Task: pick up the black bowl next to the cookie box and place it on the plate
Starting episode 25...
Success: True
# episodes so far: 325
# successes: 319 (98.2%)

Task: pick up the black bowl next to the cookie box and place it on the plate
Starting episode 26...
Success: True
# episodes so far: 326
# successes: 320 (98.2%)

Task: pick up the black bowl next to the cookie box and place it on the plate
Starting episode 27...
Success: True
# episodes so far: 327
# successes: 321 (98.2%)

Task: pick up the black bowl next to the cookie box and place it on the plate
Starting episode 28...
Success: True
# episodes so far: 328
# successes: 322 (98.2%)

Task: pick up the black bowl next to the cookie box and place it on the plate
Starting episode 29...
Success: True
# episodes so far: 329
# successes: 323 (98.2%)

Task: pick up the black bowl next to the cookie box and place it on the plate
Starting episode 30...
Success: True
# episodes so far: 330
# successes: 324 (98.2%)

Task: pick up the black bowl next to the cookie box and place it on the plate
Starting episode 31...
Success: True
# episodes so far: 331
# successes: 325 (98.2%)

Task: pick up the black bowl next to the cookie box and place it on the plate
Starting episode 32...
Success: True
# episodes so far: 332
# successes: 326 (98.2%)

Task: pick up the black bowl next to the cookie box and place it on the plate
Starting episode 33...
Success: True
# episodes so far: 333
# successes: 327 (98.2%)

Task: pick up the black bowl next to the cookie box and place it on the plate
Starting episode 34...
Success: True
# episodes so far: 334
# successes: 328 (98.2%)

Task: pick up the black bowl next to the cookie box and place it on the plate
Starting episode 35...
Success: True
# episodes so far: 335
# successes: 329 (98.2%)

Task: pick up the black bowl next to the cookie box and place it on the plate
Starting episode 36...
Success: True
# episodes so far: 336
# successes: 330 (98.2%)

Task: pick up the black bowl next to the cookie box and place it on the plate
Starting episode 37...
Success: True
# episodes so far: 337
# successes: 331 (98.2%)

Task: pick up the black bowl next to the cookie box and place it on the plate
Starting episode 38...
Success: True
# episodes so far: 338
# successes: 332 (98.2%)

Task: pick up the black bowl next to the cookie box and place it on the plate
Starting episode 39...
Success: True
# episodes so far: 339
# successes: 333 (98.2%)

Task: pick up the black bowl next to the cookie box and place it on the plate
Starting episode 40...
Success: True
# episodes so far: 340
# successes: 334 (98.2%)

Task: pick up the black bowl next to the cookie box and place it on the plate
Starting episode 41...
Success: True
# episodes so far: 341
# successes: 335 (98.2%)

Task: pick up the black bowl next to the cookie box and place it on the plate
Starting episode 42...
Success: True
# episodes so far: 342
# successes: 336 (98.2%)

Task: pick up the black bowl next to the cookie box and place it on the plate
Starting episode 43...
Success: True
# episodes so far: 343
# successes: 337 (98.3%)

Task: pick up the black bowl next to the cookie box and place it on the plate
Starting episode 44...
Success: True
# episodes so far: 344
# successes: 338 (98.3%)

Task: pick up the black bowl next to the cookie box and place it on the plate
Starting episode 45...
Success: True
# episodes so far: 345
# successes: 339 (98.3%)

Task: pick up the black bowl next to the cookie box and place it on the plate
Starting episode 46...
Success: True
# episodes so far: 346
# successes: 340 (98.3%)

Task: pick up the black bowl next to the cookie box and place it on the plate
Starting episode 47...
Success: True
# episodes so far: 347
# successes: 341 (98.3%)

Task: pick up the black bowl next to the cookie box and place it on the plate
Starting episode 48...
Success: True
# episodes so far: 348
# successes: 342 (98.3%)

Task: pick up the black bowl next to the cookie box and place it on the plate
Starting episode 49...
Success: True
# episodes so far: 349
# successes: 343 (98.3%)

Task: pick up the black bowl next to the cookie box and place it on the plate
Starting episode 50...
Success: True
# episodes so far: 350
# successes: 344 (98.3%)
Current task success rate: 1.0
Current total success rate: 0.9828571428571429
Using default initial states

Task: pick up the black bowl on the stove and place it on the plate
Starting episode 1...
Success: True
# episodes so far: 351
# successes: 345 (98.3%)

Task: pick up the black bowl on the stove and place it on the plate
Starting episode 2...
Success: True
# episodes so far: 352
# successes: 346 (98.3%)

Task: pick up the black bowl on the stove and place it on the plate
Starting episode 3...
Success: True
# episodes so far: 353
# successes: 347 (98.3%)

Task: pick up the black bowl on the stove and place it on the plate
Starting episode 4...
Success: True
# episodes so far: 354
# successes: 348 (98.3%)

Task: pick up the black bowl on the stove and place it on the plate
Starting episode 5...
Success: True
# episodes so far: 355
# successes: 349 (98.3%)

Task: pick up the black bowl on the stove and place it on the plate
Starting episode 6...
Success: True
# episodes so far: 356
# successes: 350 (98.3%)

Task: pick up the black bowl on the stove and place it on the plate
Starting episode 7...
Success: True
# episodes so far: 357
# successes: 351 (98.3%)

Task: pick up the black bowl on the stove and place it on the plate
Starting episode 8...
Success: True
# episodes so far: 358
# successes: 352 (98.3%)

Task: pick up the black bowl on the stove and place it on the plate
Starting episode 9...
Success: True
# episodes so far: 359
# successes: 353 (98.3%)

Task: pick up the black bowl on the stove and place it on the plate
Starting episode 10...
Success: False
# episodes so far: 360
# successes: 353 (98.1%)

Task: pick up the black bowl on the stove and place it on the plate
Starting episode 11...
Success: True
# episodes so far: 361
# successes: 354 (98.1%)

Task: pick up the black bowl on the stove and place it on the plate
Starting episode 12...
Success: True
# episodes so far: 362
# successes: 355 (98.1%)

Task: pick up the black bowl on the stove and place it on the plate
Starting episode 13...
Success: True
# episodes so far: 363
# successes: 356 (98.1%)

Task: pick up the black bowl on the stove and place it on the plate
Starting episode 14...
Success: True
# episodes so far: 364
# successes: 357 (98.1%)

Task: pick up the black bowl on the stove and place it on the plate
Starting episode 15...
Success: True
# episodes so far: 365
# successes: 358 (98.1%)

Task: pick up the black bowl on the stove and place it on the plate
Starting episode 16...
Success: True
# episodes so far: 366
# successes: 359 (98.1%)

Task: pick up the black bowl on the stove and place it on the plate
Starting episode 17...
Success: True
# episodes so far: 367
# successes: 360 (98.1%)

Task: pick up the black bowl on the stove and place it on the plate
Starting episode 18...
Success: True
# episodes so far: 368
# successes: 361 (98.1%)

Task: pick up the black bowl on the stove and place it on the plate
Starting episode 19...
Success: True
# episodes so far: 369
# successes: 362 (98.1%)

Task: pick up the black bowl on the stove and place it on the plate
Starting episode 20...
Success: True
# episodes so far: 370
# successes: 363 (98.1%)

Task: pick up the black bowl on the stove and place it on the plate
Starting episode 21...
Success: True
# episodes so far: 371
# successes: 364 (98.1%)

Task: pick up the black bowl on the stove and place it on the plate
Starting episode 22...
Success: True
# episodes so far: 372
# successes: 365 (98.1%)

Task: pick up the black bowl on the stove and place it on the plate
Starting episode 23...
Success: True
# episodes so far: 373
# successes: 366 (98.1%)

Task: pick up the black bowl on the stove and place it on the plate
Starting episode 24...
Success: True
# episodes so far: 374
# successes: 367 (98.1%)

Task: pick up the black bowl on the stove and place it on the plate
Starting episode 25...
Success: True
# episodes so far: 375
# successes: 368 (98.1%)

Task: pick up the black bowl on the stove and place it on the plate
Starting episode 26...
Success: True
# episodes so far: 376
# successes: 369 (98.1%)

Task: pick up the black bowl on the stove and place it on the plate
Starting episode 27...
Success: True
# episodes so far: 377
# successes: 370 (98.1%)

Task: pick up the black bowl on the stove and place it on the plate
Starting episode 28...
Success: True
# episodes so far: 378
# successes: 371 (98.1%)

Task: pick up the black bowl on the stove and place it on the plate
Starting episode 29...
Success: True
# episodes so far: 379
# successes: 372 (98.2%)

Task: pick up the black bowl on the stove and place it on the plate
Starting episode 30...
Success: True
# episodes so far: 380
# successes: 373 (98.2%)

Task: pick up the black bowl on the stove and place it on the plate
Starting episode 31...
Success: True
# episodes so far: 381
# successes: 374 (98.2%)

Task: pick up the black bowl on the stove and place it on the plate
Starting episode 32...
Success: True
# episodes so far: 382
# successes: 375 (98.2%)

Task: pick up the black bowl on the stove and place it on the plate
Starting episode 33...
Success: True
# episodes so far: 383
# successes: 376 (98.2%)

Task: pick up the black bowl on the stove and place it on the plate
Starting episode 34...
Success: True
# episodes so far: 384
# successes: 377 (98.2%)

Task: pick up the black bowl on the stove and place it on the plate
Starting episode 35...
Success: True
# episodes so far: 385
# successes: 378 (98.2%)

Task: pick up the black bowl on the stove and place it on the plate
Starting episode 36...
Success: True
# episodes so far: 386
# successes: 379 (98.2%)

Task: pick up the black bowl on the stove and place it on the plate
Starting episode 37...
Success: True
# episodes so far: 387
# successes: 380 (98.2%)

Task: pick up the black bowl on the stove and place it on the plate
Starting episode 38...
Success: True
# episodes so far: 388
# successes: 381 (98.2%)

Task: pick up the black bowl on the stove and place it on the plate
Starting episode 39...
Success: True
# episodes so far: 389
# successes: 382 (98.2%)

Task: pick up the black bowl on the stove and place it on the plate
Starting episode 40...
Success: True
# episodes so far: 390
# successes: 383 (98.2%)

Task: pick up the black bowl on the stove and place it on the plate
Starting episode 41...
Success: True
# episodes so far: 391
# successes: 384 (98.2%)

Task: pick up the black bowl on the stove and place it on the plate
Starting episode 42...
Success: True
# episodes so far: 392
# successes: 385 (98.2%)

Task: pick up the black bowl on the stove and place it on the plate
Starting episode 43...
Success: True
# episodes so far: 393
# successes: 386 (98.2%)

Task: pick up the black bowl on the stove and place it on the plate
Starting episode 44...
Success: True
# episodes so far: 394
# successes: 387 (98.2%)

Task: pick up the black bowl on the stove and place it on the plate
Starting episode 45...
Success: True
# episodes so far: 395
# successes: 388 (98.2%)

Task: pick up the black bowl on the stove and place it on the plate
Starting episode 46...
Success: True
# episodes so far: 396
# successes: 389 (98.2%)

Task: pick up the black bowl on the stove and place it on the plate
Starting episode 47...
Success: True
# episodes so far: 397
# successes: 390 (98.2%)

Task: pick up the black bowl on the stove and place it on the plate
Starting episode 48...
Success: True
# episodes so far: 398
# successes: 391 (98.2%)

Task: pick up the black bowl on the stove and place it on the plate
Starting episode 49...
Success: True
# episodes so far: 399
# successes: 392 (98.2%)

Task: pick up the black bowl on the stove and place it on the plate
Starting episode 50...
Success: True
# episodes so far: 400
# successes: 393 (98.2%)
Current task success rate: 0.98
Current total success rate: 0.9825
Using default initial states

Task: pick up the black bowl next to the plate and place it on the plate
Starting episode 1...
Success: True
# episodes so far: 401
# successes: 394 (98.3%)

Task: pick up the black bowl next to the plate and place it on the plate
Starting episode 2...
Success: True
# episodes so far: 402
# successes: 395 (98.3%)

Task: pick up the black bowl next to the plate and place it on the plate
Starting episode 3...
Success: True
# episodes so far: 403
# successes: 396 (98.3%)

Task: pick up the black bowl next to the plate and place it on the plate
Starting episode 4...
Success: True
# episodes so far: 404
# successes: 397 (98.3%)

Task: pick up the black bowl next to the plate and place it on the plate
Starting episode 5...
Success: False
# episodes so far: 405
# successes: 397 (98.0%)

Task: pick up the black bowl next to the plate and place it on the plate
Starting episode 6...
Success: True
# episodes so far: 406
# successes: 398 (98.0%)

Task: pick up the black bowl next to the plate and place it on the plate
Starting episode 7...
Success: True
# episodes so far: 407
# successes: 399 (98.0%)

Task: pick up the black bowl next to the plate and place it on the plate
Starting episode 8...
Success: True
# episodes so far: 408
# successes: 400 (98.0%)

Task: pick up the black bowl next to the plate and place it on the plate
Starting episode 9...
Success: True
# episodes so far: 409
# successes: 401 (98.0%)

Task: pick up the black bowl next to the plate and place it on the plate
Starting episode 10...
Success: True
# episodes so far: 410
# successes: 402 (98.0%)

Task: pick up the black bowl next to the plate and place it on the plate
Starting episode 11...
Success: True
# episodes so far: 411
# successes: 403 (98.1%)

Task: pick up the black bowl next to the plate and place it on the plate
Starting episode 12...
Success: True
# episodes so far: 412
# successes: 404 (98.1%)

Task: pick up the black bowl next to the plate and place it on the plate
Starting episode 13...
Success: True
# episodes so far: 413
# successes: 405 (98.1%)

Task: pick up the black bowl next to the plate and place it on the plate
Starting episode 14...
Success: True
# episodes so far: 414
# successes: 406 (98.1%)

Task: pick up the black bowl next to the plate and place it on the plate
Starting episode 15...
Success: True
# episodes so far: 415
# successes: 407 (98.1%)

Task: pick up the black bowl next to the plate and place it on the plate
Starting episode 16...
Success: True
# episodes so far: 416
# successes: 408 (98.1%)

Task: pick up the black bowl next to the plate and place it on the plate
Starting episode 17...
Success: True
# episodes so far: 417
# successes: 409 (98.1%)

Task: pick up the black bowl next to the plate and place it on the plate
Starting episode 18...
Success: True
# episodes so far: 418
# successes: 410 (98.1%)

Task: pick up the black bowl next to the plate and place it on the plate
Starting episode 19...
Success: True
# episodes so far: 419
# successes: 411 (98.1%)

Task: pick up the black bowl next to the plate and place it on the plate
Starting episode 20...
Success: True
# episodes so far: 420
# successes: 412 (98.1%)

Task: pick up the black bowl next to the plate and place it on the plate
Starting episode 21...
Success: True
# episodes so far: 421
# successes: 413 (98.1%)

Task: pick up the black bowl next to the plate and place it on the plate
Starting episode 22...
Success: True
# episodes so far: 422
# successes: 414 (98.1%)

Task: pick up the black bowl next to the plate and place it on the plate
Starting episode 23...
Success: True
# episodes so far: 423
# successes: 415 (98.1%)

Task: pick up the black bowl next to the plate and place it on the plate
Starting episode 24...
Success: True
# episodes so far: 424
# successes: 416 (98.1%)

Task: pick up the black bowl next to the plate and place it on the plate
Starting episode 25...
Success: True
# episodes so far: 425
# successes: 417 (98.1%)

Task: pick up the black bowl next to the plate and place it on the plate
Starting episode 26...
Success: True
# episodes so far: 426
# successes: 418 (98.1%)

Task: pick up the black bowl next to the plate and place it on the plate
Starting episode 27...
Success: True
# episodes so far: 427
# successes: 419 (98.1%)

Task: pick up the black bowl next to the plate and place it on the plate
Starting episode 28...
Success: True
# episodes so far: 428
# successes: 420 (98.1%)

Task: pick up the black bowl next to the plate and place it on the plate
Starting episode 29...
Success: True
# episodes so far: 429
# successes: 421 (98.1%)

Task: pick up the black bowl next to the plate and place it on the plate
Starting episode 30...
Success: True
# episodes so far: 430
# successes: 422 (98.1%)

Task: pick up the black bowl next to the plate and place it on the plate
Starting episode 31...
Success: True
# episodes so far: 431
# successes: 423 (98.1%)

Task: pick up the black bowl next to the plate and place it on the plate
Starting episode 32...
Success: True
# episodes so far: 432
# successes: 424 (98.1%)

Task: pick up the black bowl next to the plate and place it on the plate
Starting episode 33...
Success: True
# episodes so far: 433
# successes: 425 (98.2%)

Task: pick up the black bowl next to the plate and place it on the plate
Starting episode 34...
Success: True
# episodes so far: 434
# successes: 426 (98.2%)

Task: pick up the black bowl next to the plate and place it on the plate
Starting episode 35...
Success: True
# episodes so far: 435
# successes: 427 (98.2%)

Task: pick up the black bowl next to the plate and place it on the plate
Starting episode 36...
Success: True
# episodes so far: 436
# successes: 428 (98.2%)

Task: pick up the black bowl next to the plate and place it on the plate
Starting episode 37...
Success: True
# episodes so far: 437
# successes: 429 (98.2%)

Task: pick up the black bowl next to the plate and place it on the plate
Starting episode 38...
Success: True
# episodes so far: 438
# successes: 430 (98.2%)

Task: pick up the black bowl next to the plate and place it on the plate
Starting episode 39...
Success: True
# episodes so far: 439
# successes: 431 (98.2%)

Task: pick up the black bowl next to the plate and place it on the plate
Starting episode 40...
Success: True
# episodes so far: 440
# successes: 432 (98.2%)

Task: pick up the black bowl next to the plate and place it on the plate
Starting episode 41...
Success: True
# episodes so far: 441
# successes: 433 (98.2%)

Task: pick up the black bowl next to the plate and place it on the plate
Starting episode 42...
Success: True
# episodes so far: 442
# successes: 434 (98.2%)

Task: pick up the black bowl next to the plate and place it on the plate
Starting episode 43...
Success: True
# episodes so far: 443
# successes: 435 (98.2%)

Task: pick up the black bowl next to the plate and place it on the plate
Starting episode 44...
Success: True
# episodes so far: 444
# successes: 436 (98.2%)

Task: pick up the black bowl next to the plate and place it on the plate
Starting episode 45...
Success: True
# episodes so far: 445
# successes: 437 (98.2%)

Task: pick up the black bowl next to the plate and place it on the plate
Starting episode 46...
Success: True
# episodes so far: 446
# successes: 438 (98.2%)

Task: pick up the black bowl next to the plate and place it on the plate
Starting episode 47...
Success: True
# episodes so far: 447
# successes: 439 (98.2%)

Task: pick up the black bowl next to the plate and place it on the plate
Starting episode 48...
Success: True
# episodes so far: 448
# successes: 440 (98.2%)

Task: pick up the black bowl next to the plate and place it on the plate
Starting episode 49...
Success: True
# episodes so far: 449
# successes: 441 (98.2%)

Task: pick up the black bowl next to the plate and place it on the plate
Starting episode 50...
Success: True
# episodes so far: 450
# successes: 442 (98.2%)
Current task success rate: 0.98
Current total success rate: 0.9822222222222222
Using default initial states

Task: pick up the black bowl on the wooden cabinet and place it on the plate
Starting episode 1...
Success: True
# episodes so far: 451
# successes: 443 (98.2%)

Task: pick up the black bowl on the wooden cabinet and place it on the plate
Starting episode 2...
Success: True
# episodes so far: 452
# successes: 444 (98.2%)

Task: pick up the black bowl on the wooden cabinet and place it on the plate
Starting episode 3...
Success: True
# episodes so far: 453
# successes: 445 (98.2%)

Task: pick up the black bowl on the wooden cabinet and place it on the plate
Starting episode 4...
Success: True
# episodes so far: 454
# successes: 446 (98.2%)

Task: pick up the black bowl on the wooden cabinet and place it on the plate
Starting episode 5...
Success: True
# episodes so far: 455
# successes: 447 (98.2%)

Task: pick up the black bowl on the wooden cabinet and place it on the plate
Starting episode 6...
Success: True
# episodes so far: 456
# successes: 448 (98.2%)

Task: pick up the black bowl on the wooden cabinet and place it on the plate
Starting episode 7...
Success: True
# episodes so far: 457
# successes: 449 (98.2%)

Task: pick up the black bowl on the wooden cabinet and place it on the plate
Starting episode 8...
Success: True
# episodes so far: 458
# successes: 450 (98.3%)

Task: pick up the black bowl on the wooden cabinet and place it on the plate
Starting episode 9...
Success: True
# episodes so far: 459
# successes: 451 (98.3%)

Task: pick up the black bowl on the wooden cabinet and place it on the plate
Starting episode 10...
Success: True
# episodes so far: 460
# successes: 452 (98.3%)

Task: pick up the black bowl on the wooden cabinet and place it on the plate
Starting episode 11...
Success: True
# episodes so far: 461
# successes: 453 (98.3%)

Task: pick up the black bowl on the wooden cabinet and place it on the plate
Starting episode 12...
Success: True
# episodes so far: 462
# successes: 454 (98.3%)

Task: pick up the black bowl on the wooden cabinet and place it on the plate
Starting episode 13...
Success: True
# episodes so far: 463
# successes: 455 (98.3%)

Task: pick up the black bowl on the wooden cabinet and place it on the plate
Starting episode 14...
Success: True
# episodes so far: 464
# successes: 456 (98.3%)

Task: pick up the black bowl on the wooden cabinet and place it on the plate
Starting episode 15...
Success: True
# episodes so far: 465
# successes: 457 (98.3%)

Task: pick up the black bowl on the wooden cabinet and place it on the plate
Starting episode 16...
Success: True
# episodes so far: 466
# successes: 458 (98.3%)

Task: pick up the black bowl on the wooden cabinet and place it on the plate
Starting episode 17...
Success: True
# episodes so far: 467
# successes: 459 (98.3%)

Task: pick up the black bowl on the wooden cabinet and place it on the plate
Starting episode 18...
Success: True
# episodes so far: 468
# successes: 460 (98.3%)

Task: pick up the black bowl on the wooden cabinet and place it on the plate
Starting episode 19...
Success: True
# episodes so far: 469
# successes: 461 (98.3%)

Task: pick up the black bowl on the wooden cabinet and place it on the plate
Starting episode 20...
Success: True
# episodes so far: 470
# successes: 462 (98.3%)

Task: pick up the black bowl on the wooden cabinet and place it on the plate
Starting episode 21...
Success: True
# episodes so far: 471
# successes: 463 (98.3%)

Task: pick up the black bowl on the wooden cabinet and place it on the plate
Starting episode 22...
Success: False
# episodes so far: 472
# successes: 463 (98.1%)

Task: pick up the black bowl on the wooden cabinet and place it on the plate
Starting episode 23...
Success: True
# episodes so far: 473
# successes: 464 (98.1%)

Task: pick up the black bowl on the wooden cabinet and place it on the plate
Starting episode 24...
Success: True
# episodes so far: 474
# successes: 465 (98.1%)

Task: pick up the black bowl on the wooden cabinet and place it on the plate
Starting episode 25...
Success: True
# episodes so far: 475
# successes: 466 (98.1%)

Task: pick up the black bowl on the wooden cabinet and place it on the plate
Starting episode 26...
Success: True
# episodes so far: 476
# successes: 467 (98.1%)

Task: pick up the black bowl on the wooden cabinet and place it on the plate
Starting episode 27...
Success: True
# episodes so far: 477
# successes: 468 (98.1%)

Task: pick up the black bowl on the wooden cabinet and place it on the plate
Starting episode 28...
Success: True
# episodes so far: 478
# successes: 469 (98.1%)

Task: pick up the black bowl on the wooden cabinet and place it on the plate
Starting episode 29...
Success: True
# episodes so far: 479
# successes: 470 (98.1%)

Task: pick up the black bowl on the wooden cabinet and place it on the plate
Starting episode 30...
Success: True
# episodes so far: 480
# successes: 471 (98.1%)

Task: pick up the black bowl on the wooden cabinet and place it on the plate
Starting episode 31...
Success: True
# episodes so far: 481
# successes: 472 (98.1%)

Task: pick up the black bowl on the wooden cabinet and place it on the plate
Starting episode 32...
Success: True
# episodes so far: 482
# successes: 473 (98.1%)

Task: pick up the black bowl on the wooden cabinet and place it on the plate
Starting episode 33...
Success: True
# episodes so far: 483
# successes: 474 (98.1%)

Task: pick up the black bowl on the wooden cabinet and place it on the plate
Starting episode 34...
Success: True
# episodes so far: 484
# successes: 475 (98.1%)

Task: pick up the black bowl on the wooden cabinet and place it on the plate
Starting episode 35...
Success: True
# episodes so far: 485
# successes: 476 (98.1%)

Task: pick up the black bowl on the wooden cabinet and place it on the plate
Starting episode 36...
Success: True
# episodes so far: 486
# successes: 477 (98.1%)

Task: pick up the black bowl on the wooden cabinet and place it on the plate
Starting episode 37...
Success: True
# episodes so far: 487
# successes: 478 (98.2%)

Task: pick up the black bowl on the wooden cabinet and place it on the plate
Starting episode 38...
Success: True
# episodes so far: 488
# successes: 479 (98.2%)

Task: pick up the black bowl on the wooden cabinet and place it on the plate
Starting episode 39...
Success: True
# episodes so far: 489
# successes: 480 (98.2%)

Task: pick up the black bowl on the wooden cabinet and place it on the plate
Starting episode 40...
Success: True
# episodes so far: 490
# successes: 481 (98.2%)

Task: pick up the black bowl on the wooden cabinet and place it on the plate
Starting episode 41...
Success: True
# episodes so far: 491
# successes: 482 (98.2%)

Task: pick up the black bowl on the wooden cabinet and place it on the plate
Starting episode 42...
Success: True
# episodes so far: 492
# successes: 483 (98.2%)

Task: pick up the black bowl on the wooden cabinet and place it on the plate
Starting episode 43...
Success: True
# episodes so far: 493
# successes: 484 (98.2%)

Task: pick up the black bowl on the wooden cabinet and place it on the plate
Starting episode 44...
Success: True
# episodes so far: 494
# successes: 485 (98.2%)

Task: pick up the black bowl on the wooden cabinet and place it on the plate
Starting episode 45...
Success: True
# episodes so far: 495
# successes: 486 (98.2%)

Task: pick up the black bowl on the wooden cabinet and place it on the plate
Starting episode 46...
Success: True
# episodes so far: 496
# successes: 487 (98.2%)

Task: pick up the black bowl on the wooden cabinet and place it on the plate
Starting episode 47...
Success: True
# episodes so far: 497
# successes: 488 (98.2%)

Task: pick up the black bowl on the wooden cabinet and place it on the plate
Starting episode 48...
Success: True
# episodes so far: 498
# successes: 489 (98.2%)

Task: pick up the black bowl on the wooden cabinet and place it on the plate
Starting episode 49...
Success: True
# episodes so far: 499
# successes: 490 (98.2%)

Task: pick up the black bowl on the wooden cabinet and place it on the plate
Starting episode 50...
Success: True
# episodes so far: 500
# successes: 491 (98.2%)
Current task success rate: 0.98
Current total success rate: 0.982
Final results:
Total episodes: 500
Total successes: 491
Overall success rate: 0.9820 (98.2%)
